<?php return array (
  0 => 'Symfony\\Bundle\\FrameworkBundle\\Controller\\AbstractController',
  1 => 'App\\Controller\\MainController',
  2 => 'App\\Controller\\RegistrationController',
  3 => 'App\\Controller\\ResetPasswordController',
  4 => 'App\\Controller\\SecurityController',
  5 => 'App\\Entity\\BeerRecipe',
  6 => 'App\\Entity\\BeerStyle',
  7 => 'App\\Entity\\BoilerEquipment',
  8 => 'App\\Entity\\DecoctionMashSteps',
  9 => 'App\\Entity\\Fermentable',
  10 => 'App\\Entity\\Hop',
  11 => 'App\\Entity\\InfusionMashSteps',
  12 => 'App\\Entity\\InitInfusion',
  13 => 'App\\Entity\\Mash',
  14 => 'App\\Entity\\MashVolume',
  15 => 'App\\Entity\\NextDecoctionMashStepWithGrainAdjunct',
  16 => 'App\\Entity\\NextDecoctionMashStepWithoutGrainAdjunct',
  17 => 'App\\Entity\\NextInfusionMashStepWithGrainAdjunct',
  18 => 'App\\Entity\\NextInfusionMashStepWithoutGrainAdjunct',
  19 => 'App\\Entity\\ResetPasswordRequest',
  20 => 'App\\Entity\\User',
  21 => 'App\\Entity\\WaterGrainRatio',
  22 => 'App\\Entity\\Yeast',
  23 => 'Doctrine\\Bundle\\DoctrineBundle\\Controller\\ProfilerController',
  24 => 'Doctrine\\ORM\\Cache\\Persister\\Entity\\AbstractEntityPersister',
  25 => 'Doctrine\\ORM\\Cache\\Persister\\Entity\\CachedEntityPersister',
  26 => 'Doctrine\\ORM\\Cache\\Persister\\Entity\\NonStrictReadWriteCachedEntityPersister',
  27 => 'Doctrine\\ORM\\Cache\\Persister\\Entity\\ReadOnlyCachedEntityPersister',
  28 => 'Doctrine\\ORM\\Cache\\Persister\\Entity\\ReadWriteCachedEntityPersister',
  29 => 'Doctrine\\ORM\\Persisters\\Entity\\AbstractEntityInheritancePersister',
  30 => 'Doctrine\\ORM\\Persisters\\Entity\\BasicEntityPersister',
  31 => 'Doctrine\\ORM\\Persisters\\Entity\\CachedPersisterContext',
  32 => 'Doctrine\\ORM\\Persisters\\Entity\\EntityPersister',
  33 => 'Doctrine\\ORM\\Persisters\\Entity\\JoinedSubclassPersister',
  34 => 'Doctrine\\ORM\\Persisters\\Entity\\SingleTablePersister',
  35 => 'Gedmo\\Loggable\\Entity\\LogEntry',
  36 => 'Gedmo\\Loggable\\Entity\\MappedSuperclass\\AbstractLogEntry',
  37 => 'Gedmo\\Loggable\\Entity\\Repository\\LogEntryRepository',
  38 => 'Gedmo\\Sortable\\Entity\\Repository\\SortableRepository',
  39 => 'Gedmo\\Translatable\\Entity\\MappedSuperclass\\AbstractPersonalTranslation',
  40 => 'Gedmo\\Translatable\\Entity\\MappedSuperclass\\AbstractTranslation',
  41 => 'Gedmo\\Translatable\\Entity\\Repository\\TranslationRepository',
  42 => 'Gedmo\\Translatable\\Entity\\Translation',
  43 => 'Gedmo\\Translator\\Entity\\Translation',
  44 => 'Gedmo\\Tree\\Entity\\MappedSuperclass\\AbstractClosure',
  45 => 'Gedmo\\Tree\\Entity\\Repository\\AbstractTreeRepository',
  46 => 'Gedmo\\Tree\\Entity\\Repository\\ClosureTreeRepository',
  47 => 'Gedmo\\Tree\\Entity\\Repository\\MaterializedPathRepository',
  48 => 'Gedmo\\Tree\\Entity\\Repository\\NestedTreeRepository',
  49 => 'SymfonyCasts\\Bundle\\ResetPassword\\Controller\\ResetPasswordControllerTrait',
  51 => 'Symfony\\Bundle\\FrameworkBundle\\Controller\\ControllerResolver',
  52 => 'Symfony\\Bundle\\FrameworkBundle\\Controller\\RedirectController',
  53 => 'Symfony\\Bundle\\FrameworkBundle\\Controller\\TemplateController',
  54 => 'Symfony\\Bundle\\WebProfilerBundle\\Controller\\ExceptionPanelController',
  55 => 'Symfony\\Bundle\\WebProfilerBundle\\Controller\\ProfilerController',
  56 => 'Symfony\\Bundle\\WebProfilerBundle\\Controller\\RouterController',
  57 => 'Symfony\\Component\\HttpKernel\\Controller\\ArgumentResolver',
  58 => 'Symfony\\Component\\HttpKernel\\Controller\\ArgumentResolverInterface',
  59 => 'Symfony\\Component\\HttpKernel\\Controller\\ArgumentResolver\\DefaultValueResolver',
  60 => 'Symfony\\Component\\HttpKernel\\Controller\\ArgumentResolver\\NotTaggedControllerValueResolver',
  61 => 'Symfony\\Component\\HttpKernel\\Controller\\ArgumentResolver\\RequestAttributeValueResolver',
  62 => 'Symfony\\Component\\HttpKernel\\Controller\\ArgumentResolver\\RequestValueResolver',
  63 => 'Symfony\\Component\\HttpKernel\\Controller\\ArgumentResolver\\ServiceValueResolver',
  64 => 'Symfony\\Component\\HttpKernel\\Controller\\ArgumentResolver\\SessionValueResolver',
  65 => 'Symfony\\Component\\HttpKernel\\Controller\\ArgumentResolver\\TraceableValueResolver',
  66 => 'Symfony\\Component\\HttpKernel\\Controller\\ArgumentResolver\\VariadicValueResolver',
  67 => 'Symfony\\Component\\HttpKernel\\Controller\\ArgumentValueResolverInterface',
  68 => 'Symfony\\Component\\HttpKernel\\Controller\\ContainerControllerResolver',
  69 => 'Symfony\\Component\\HttpKernel\\Controller\\ControllerReference',
  70 => 'Symfony\\Component\\HttpKernel\\Controller\\ControllerResolver',
  71 => 'Symfony\\Component\\HttpKernel\\Controller\\ControllerResolverInterface',
  72 => 'Symfony\\Component\\HttpKernel\\Controller\\ErrorController',
  73 => 'Symfony\\Component\\HttpKernel\\Controller\\TraceableArgumentResolver',
  74 => 'Symfony\\Component\\HttpKernel\\Controller\\TraceableControllerResolver',
  75 => 'Symfony\\Component\\Security\\Http\\Controller\\UserValueResolver',
);